This is pdfTeX, Version 3.141592653-2.6-1.40.24 (TeX Live 2022) (preloaded format=pdflatex 2024.9.23)  11 FEB 2025 16:28
entering extended mode
 restricted \write18 enabled.
 %&-line parsing enabled.
**_main.tex
(./_main.tex
LaTeX2e <2022-11-01> patch level 1
L3 programming layer <2023-01-16> (/Users/mauriciomardones/Library/TinyTeX/texmf-dist/tex/latex/base/book.cls
Document Class: book 2022/07/02 v1.4n Standard LaTeX document class
(/Users/mauriciomardones/Library/TinyTeX/texmf-dist/tex/latex/base/bk10.clo
File: bk10.clo 2022/07/02 v1.4n Standard LaTeX file (size option)
)
\c@part=\count185
\c@chapter=\count186
\c@section=\count187
\c@subsection=\count188
\c@subsubsection=\count189
\c@paragraph=\count190
\c@subparagraph=\count191
\c@figure=\count192
\c@table=\count193
\abovecaptionskip=\skip48
\belowcaptionskip=\skip49
\bibindent=\dimen140
) (/Users/mauriciomardones/Library/TinyTeX/texmf-dist/tex/latex/amsmath/amsmath.sty
Package: amsmath 2022/04/08 v2.17n AMS math features
\@mathmargin=\skip50
For additional information on amsmath, use the `?' option.
(/Users/mauriciomardones/Library/TinyTeX/texmf-dist/tex/latex/amsmath/amstext.sty
Package: amstext 2021/08/26 v2.01 AMS text
(/Users/mauriciomardones/Library/TinyTeX/texmf-dist/tex/latex/amsmath/amsgen.sty
File: amsgen.sty 1999/11/30 v2.0 generic functions
\@emptytoks=\toks16
\ex@=\dimen141
)) (/Users/mauriciomardones/Library/TinyTeX/texmf-dist/tex/latex/amsmath/amsbsy.sty
Package: amsbsy 1999/11/29 v1.2d Bold Symbols
\pmbraise@=\dimen142
) (/Users/mauriciomardones/Library/TinyTeX/texmf-dist/tex/latex/amsmath/amsopn.sty
Package: amsopn 2022/04/08 v2.04 operator names
)
\inf@bad=\count194
LaTeX Info: Redefining \frac on input line 234.
\uproot@=\count195
\leftroot@=\count196
LaTeX Info: Redefining \overline on input line 399.
LaTeX Info: Redefining \colon on input line 410.
\classnum@=\count197
\DOTSCASE@=\count198
LaTeX Info: Redefining \ldots on input line 496.
LaTeX Info: Redefining \dots on input line 499.
LaTeX Info: Redefining \cdots on input line 620.
\Mathstrutbox@=\box51
\strutbox@=\box52
LaTeX Info: Redefining \big on input line 722.
LaTeX Info: Redefining \Big on input line 723.
LaTeX Info: Redefining \bigg on input line 724.
LaTeX Info: Redefining \Bigg on input line 725.
\big@size=\dimen143
LaTeX Font Info:    Redeclaring font encoding OML on input line 743.
LaTeX Font Info:    Redeclaring font encoding OMS on input line 744.
\macc@depth=\count199
LaTeX Info: Redefining \bmod on input line 905.
LaTeX Info: Redefining \pmod on input line 910.
LaTeX Info: Redefining \smash on input line 940.
LaTeX Info: Redefining \relbar on input line 970.
LaTeX Info: Redefining \Relbar on input line 971.
\c@MaxMatrixCols=\count266
\dotsspace@=\muskip16
\c@parentequation=\count267
\dspbrk@lvl=\count268
\tag@help=\toks17
\row@=\count269
\column@=\count270
\maxfields@=\count271
\andhelp@=\toks18
\eqnshift@=\dimen144
\alignsep@=\dimen145
\tagshift@=\dimen146
\tagwidth@=\dimen147
\totwidth@=\dimen148
\lineht@=\dimen149
\@envbody=\toks19
\multlinegap=\skip51
\multlinetaggap=\skip52
\mathdisplay@stack=\toks20
LaTeX Info: Redefining \[ on input line 2953.
LaTeX Info: Redefining \] on input line 2954.
) (/Users/mauriciomardones/Library/TinyTeX/texmf-dist/tex/latex/amsfonts/amssymb.sty
Package: amssymb 2013/01/14 v3.01 AMS font symbols
(/Users/mauriciomardones/Library/TinyTeX/texmf-dist/tex/latex/amsfonts/amsfonts.sty
Package: amsfonts 2013/01/14 v3.01 Basic AMSFonts support
\symAMSa=\mathgroup4
\symAMSb=\mathgroup5
LaTeX Font Info:    Redeclaring math symbol \hbar on input line 98.
LaTeX Font Info:    Overwriting math alphabet `\mathfrak' in version `bold'
(Font)                  U/euf/m/n --> U/euf/b/n on input line 106.
)) (/Users/mauriciomardones/Library/TinyTeX/texmf-dist/tex/generic/iftex/iftex.sty
Package: iftex 2022/02/03 v1.0f TeX engine tests
) (/Users/mauriciomardones/Library/TinyTeX/texmf-dist/tex/latex/base/fontenc.sty
Package: fontenc 2021/04/29 v2.0v Standard LaTeX package
) (/Users/mauriciomardones/Library/TinyTeX/texmf-dist/tex/latex/base/inputenc.sty
Package: inputenc 2021/02/14 v1.3d Input encoding file
\inpenc@prehook=\toks21
\inpenc@posthook=\toks22
) (/Users/mauriciomardones/Library/TinyTeX/texmf-dist/tex/latex/base/textcomp.sty
Package: textcomp 2020/02/02 v2.0n Standard LaTeX package
) (/Users/mauriciomardones/Library/TinyTeX/texmf-dist/tex/latex/lm/lmodern.sty
Package: lmodern 2015/05/01 v1.6.1 Latin Modern Fonts
LaTeX Font Info:    Overwriting symbol font `operators' in version `normal'
(Font)                  OT1/cmr/m/n --> OT1/lmr/m/n on input line 22.
LaTeX Font Info:    Overwriting symbol font `letters' in version `normal'
(Font)                  OML/cmm/m/it --> OML/lmm/m/it on input line 23.
LaTeX Font Info:    Overwriting symbol font `symbols' in version `normal'
(Font)                  OMS/cmsy/m/n --> OMS/lmsy/m/n on input line 24.
LaTeX Font Info:    Overwriting symbol font `largesymbols' in version `normal'
(Font)                  OMX/cmex/m/n --> OMX/lmex/m/n on input line 25.
LaTeX Font Info:    Overwriting symbol font `operators' in version `bold'
(Font)                  OT1/cmr/bx/n --> OT1/lmr/bx/n on input line 26.
LaTeX Font Info:    Overwriting symbol font `letters' in version `bold'
(Font)                  OML/cmm/b/it --> OML/lmm/b/it on input line 27.
LaTeX Font Info:    Overwriting symbol font `symbols' in version `bold'
(Font)                  OMS/cmsy/b/n --> OMS/lmsy/b/n on input line 28.
LaTeX Font Info:    Overwriting symbol font `largesymbols' in version `bold'
(Font)                  OMX/cmex/m/n --> OMX/lmex/m/n on input line 29.
LaTeX Font Info:    Overwriting math alphabet `\mathbf' in version `normal'
(Font)                  OT1/cmr/bx/n --> OT1/lmr/bx/n on input line 31.
LaTeX Font Info:    Overwriting math alphabet `\mathsf' in version `normal'
(Font)                  OT1/cmss/m/n --> OT1/lmss/m/n on input line 32.
LaTeX Font Info:    Overwriting math alphabet `\mathit' in version `normal'
(Font)                  OT1/cmr/m/it --> OT1/lmr/m/it on input line 33.
LaTeX Font Info:    Overwriting math alphabet `\mathtt' in version `normal'
(Font)                  OT1/cmtt/m/n --> OT1/lmtt/m/n on input line 34.
LaTeX Font Info:    Overwriting math alphabet `\mathbf' in version `bold'
(Font)                  OT1/cmr/bx/n --> OT1/lmr/bx/n on input line 35.
LaTeX Font Info:    Overwriting math alphabet `\mathsf' in version `bold'
(Font)                  OT1/cmss/bx/n --> OT1/lmss/bx/n on input line 36.
LaTeX Font Info:    Overwriting math alphabet `\mathit' in version `bold'
(Font)                  OT1/cmr/bx/it --> OT1/lmr/bx/it on input line 37.
LaTeX Font Info:    Overwriting math alphabet `\mathtt' in version `bold'
(Font)                  OT1/cmtt/m/n --> OT1/lmtt/m/n on input line 38.
) (/Users/mauriciomardones/Library/TinyTeX/texmf-dist/tex/latex/microtype/microtype.sty
Package: microtype 2022/06/23 v3.0f Micro-typographical refinements (RS)
(/Users/mauriciomardones/Library/TinyTeX/texmf-dist/tex/latex/graphics/keyval.sty
Package: keyval 2022/05/29 v1.15 key=value parser (DPC)
\KV@toks@=\toks23
) (/Users/mauriciomardones/Library/TinyTeX/texmf-dist/tex/latex/etoolbox/etoolbox.sty
Package: etoolbox 2020/10/05 v2.5k e-TeX tools for LaTeX (JAW)
\etb@tempcnta=\count272
)
\MT@toks=\toks24
\MT@tempbox=\box53
\MT@count=\count273
LaTeX Info: Redefining \noprotrusionifhmode on input line 1045.
LaTeX Info: Redefining \leftprotrusion on input line 1046.
LaTeX Info: Redefining \rightprotrusion on input line 1056.
LaTeX Info: Redefining \textls on input line 1234.
\MT@outer@kern=\dimen150
LaTeX Info: Redefining \textmicrotypecontext on input line 1858.
\MT@listname@count=\count274
(/Users/mauriciomardones/Library/TinyTeX/texmf-dist/tex/latex/microtype/microtype-pdftex.def
File: microtype-pdftex.def 2022/06/23 v3.0f Definitions specific to pdftex (RS)
LaTeX Info: Redefining \lsstyle on input line 900.
LaTeX Info: Redefining \lslig on input line 900.
\MT@outer@space=\skip53
)
Package microtype Info: Loading configuration file microtype.cfg.
(/Users/mauriciomardones/Library/TinyTeX/texmf-dist/tex/latex/microtype/microtype.cfg
File: microtype.cfg 2022/06/23 v3.0f microtype main configuration file (RS)
)) (/Users/mauriciomardones/Library/TinyTeX/texmf-dist/tex/latex/parskip/parskip.sty
Package: parskip 2021-03-14 v2.0h non-zero parskip adjustments
(/Users/mauriciomardones/Library/TinyTeX/texmf-dist/tex/latex/kvoptions/kvoptions.sty
Package: kvoptions 2022-06-15 v3.15 Key value format for package options (HO)
(/Users/mauriciomardones/Library/TinyTeX/texmf-dist/tex/generic/ltxcmds/ltxcmds.sty
Package: ltxcmds 2020-05-10 v1.25 LaTeX kernel commands for general use (HO)
) (/Users/mauriciomardones/Library/TinyTeX/texmf-dist/tex/latex/kvsetkeys/kvsetkeys.sty
Package: kvsetkeys 2022-10-05 v1.19 Key value parser (HO)
))) (/Users/mauriciomardones/Library/TinyTeX/texmf-dist/tex/latex/xcolor/xcolor.sty
Package: xcolor 2022/06/12 v2.14 LaTeX color extensions (UK)
(/Users/mauriciomardones/Library/TinyTeX/texmf-dist/tex/latex/graphics-cfg/color.cfg
File: color.cfg 2016/01/02 v1.6 sample color configuration
)
Package xcolor Info: Driver file: pdftex.def on input line 227.
(/Users/mauriciomardones/Library/TinyTeX/texmf-dist/tex/latex/graphics-def/pdftex.def
File: pdftex.def 2022/09/22 v1.2b Graphics/color driver for pdftex
) (/Users/mauriciomardones/Library/TinyTeX/texmf-dist/tex/latex/graphics/mathcolor.ltx)
Package xcolor Info: Model `cmy' substituted by `cmy0' on input line 1353.
Package xcolor Info: Model `hsb' substituted by `rgb' on input line 1357.
Package xcolor Info: Model `RGB' extended on input line 1369.
Package xcolor Info: Model `HTML' substituted by `rgb' on input line 1371.
Package xcolor Info: Model `Hsb' substituted by `hsb' on input line 1372.
Package xcolor Info: Model `tHsb' substituted by `hsb' on input line 1373.
Package xcolor Info: Model `HSB' substituted by `hsb' on input line 1374.
Package xcolor Info: Model `Gray' substituted by `gray' on input line 1375.
Package xcolor Info: Model `wave' substituted by `hsb' on input line 1376.
(/Users/mauriciomardones/Library/TinyTeX/texmf-dist/tex/latex/graphics/dvipsnam.def
File: dvipsnam.def 2016/06/17 v3.0m Driver-dependent file (DPC,SPQR)
) (/Users/mauriciomardones/Library/TinyTeX/texmf-dist/tex/latex/xcolor/svgnam.def
File: svgnam.def 2022/06/12 v2.14 Predefined colors according to SVG 1.1 (UK)
) (/Users/mauriciomardones/Library/TinyTeX/texmf-dist/tex/latex/xcolor/x11nam.def
File: x11nam.def 2022/06/12 v2.14 Predefined colors according to Unix/X11 (UK)
)) (/Users/mauriciomardones/Library/TinyTeX/texmf-dist/tex/latex/fancyvrb/fancyvrb.sty
Package: fancyvrb 2022/06/06 4.5 verbatim text (tvz,hv)
\FV@CodeLineNo=\count275
\FV@InFile=\read2
\FV@TabBox=\box54
\c@FancyVerbLine=\count276
\FV@StepNumber=\count277
\FV@OutFile=\write3
) (/Users/mauriciomardones/Library/TinyTeX/texmf-dist/tex/latex/framed/framed.sty
Package: framed 2011/10/22 v 0.96: framed or shaded text with page breaks
\OuterFrameSep=\skip54
\fb@frw=\dimen151
\fb@frh=\dimen152
\FrameRule=\dimen153
\FrameSep=\dimen154
) (/Users/mauriciomardones/Library/TinyTeX/texmf-dist/tex/latex/graphics/graphicx.sty
Package: graphicx 2021/09/16 v1.2d Enhanced LaTeX Graphics (DPC,SPQR)
(/Users/mauriciomardones/Library/TinyTeX/texmf-dist/tex/latex/graphics/graphics.sty
Package: graphics 2022/03/10 v1.4e Standard LaTeX Graphics (DPC,SPQR)
(/Users/mauriciomardones/Library/TinyTeX/texmf-dist/tex/latex/graphics/trig.sty
Package: trig 2021/08/11 v1.11 sin cos tan (DPC)
) (/Users/mauriciomardones/Library/TinyTeX/texmf-dist/tex/latex/graphics-cfg/graphics.cfg
File: graphics.cfg 2016/06/04 v1.11 sample graphics configuration
)
Package graphics Info: Driver file: pdftex.def on input line 107.
)
\Gin@req@height=\dimen155
\Gin@req@width=\dimen156
) (/Users/mauriciomardones/Library/TinyTeX/texmf-dist/tex/latex/booktabs/booktabs.sty
Package: booktabs 2020/01/12 v1.61803398 Publication quality tables
\heavyrulewidth=\dimen157
\lightrulewidth=\dimen158
\cmidrulewidth=\dimen159
\belowrulesep=\dimen160
\belowbottomsep=\dimen161
\aboverulesep=\dimen162
\abovetopsep=\dimen163
\cmidrulesep=\dimen164
\cmidrulekern=\dimen165
\defaultaddspace=\dimen166
\@cmidla=\count278
\@cmidlb=\count279
\@aboverulesep=\dimen167
\@belowrulesep=\dimen168
\@thisruleclass=\count280
\@lastruleclass=\count281
\@thisrulewidth=\dimen169
) (/Users/mauriciomardones/Library/TinyTeX/texmf-dist/tex/latex/tools/longtable.sty
Package: longtable 2021-09-01 v4.17 Multi-page Table package (DPC)
\LTleft=\skip55
\LTright=\skip56
\LTpre=\skip57
\LTpost=\skip58
\LTchunksize=\count282
\LTcapwidth=\dimen170
\LT@head=\box55
\LT@firsthead=\box56
\LT@foot=\box57
\LT@lastfoot=\box58
\LT@gbox=\box59
\LT@cols=\count283
\LT@rows=\count284
\c@LT@tables=\count285
\c@LT@chunks=\count286
\LT@p@ftn=\toks25
) (/Users/mauriciomardones/Library/TinyTeX/texmf-dist/tex/latex/tools/array.sty
Package: array 2022/09/04 v2.5g Tabular extension package (FMi)
\col@sep=\dimen171
\ar@mcellbox=\box60
\extrarowheight=\dimen172
\NC@list=\toks26
\extratabsurround=\skip59
\backup@length=\skip60
\ar@cellbox=\box61
) (/Users/mauriciomardones/Library/TinyTeX/texmf-dist/tex/latex/multirow/multirow.sty
Package: multirow 2021/03/15 v2.8 Span multiple rows of a table
\multirow@colwidth=\skip61
\multirow@cntb=\count287
\multirow@dima=\skip62
\bigstrutjot=\dimen173
) (/Users/mauriciomardones/Library/TinyTeX/texmf-dist/tex/latex/wrapfig/wrapfig.sty
\wrapoverhang=\dimen174
\WF@size=\dimen175
\c@WF@wrappedlines=\count288
\WF@box=\box62
\WF@everypar=\toks27
Package: wrapfig 2003/01/31  v 3.6
) (/Users/mauriciomardones/Library/TinyTeX/texmf-dist/tex/latex/float/float.sty
Package: float 2001/11/08 v1.3d Float enhancements (AL)
\c@float@type=\count289
\float@exts=\toks28
\float@box=\box63
\@float@everytoks=\toks29
\@floatcapt=\box64
) (/Users/mauriciomardones/Library/TinyTeX/texmf-dist/tex/latex/colortbl/colortbl.sty
Package: colortbl 2022/06/20 v1.0f Color table columns (DPC)
\everycr=\toks30
\minrowclearance=\skip63
\rownum=\count290
) (/Users/mauriciomardones/Library/TinyTeX/texmf-dist/tex/latex/pdflscape/pdflscape.sty
Package: pdflscape 2022-10-27 v0.13 Display of landscape pages in PDF
(/Users/mauriciomardones/Library/TinyTeX/texmf-dist/tex/latex/pdflscape/pdflscape-nometadata.sty
Package: pdflscape-nometadata 2022-10-28 v0.13 Display of landscape pages in PDF (HO)
(/Users/mauriciomardones/Library/TinyTeX/texmf-dist/tex/latex/graphics/lscape.sty
Package: lscape 2020/05/28 v3.02 Landscape Pages (DPC)
)
Package pdflscape Info: Auto-detected driver: pdftex on input line 81.
)) (/Users/mauriciomardones/Library/TinyTeX/texmf-dist/tex/latex/tabu/tabu.sty
Package: tabu 2019/01/11 v2.9 - flexible LaTeX tabulars (FC+tabu-fixed)
(/Users/mauriciomardones/Library/TinyTeX/texmf-dist/tex/latex/varwidth/varwidth.sty
Package: varwidth 2009/03/30 ver 0.92;  Variable-width minipages
\@vwid@box=\box65
\sift@deathcycles=\count291
\@vwid@loff=\dimen176
\@vwid@roff=\dimen177
)
\c@taburow=\count292
\tabu@nbcols=\count293
\tabu@cnt=\count294
\tabu@Xcol=\count295
\tabu@alloc=\count296
\tabu@nested=\count297
\tabu@target=\dimen178
\tabu@spreadtarget=\dimen179
\tabu@naturalX=\dimen180
\tabucolX=\dimen181
\tabu@Xsum=\dimen182
\extrarowdepth=\dimen183
\abovetabulinesep=\dimen184
\belowtabulinesep=\dimen185
\tabustrutrule=\dimen186
\tabu@thebody=\toks31
\tabu@footnotes=\toks32
\tabu@box=\box66
\tabu@arstrutbox=\box67
\tabu@hleads=\box68
\tabu@vleads=\box69
\tabu@cellskip=\skip64
) (/Users/mauriciomardones/Library/TinyTeX/texmf-dist/tex/latex/threeparttable/threeparttable.sty
Package: threeparttable 2003/06/13  v 3.0
\@tempboxb=\box70
) (/Users/mauriciomardones/Library/TinyTeX/texmf-dist/tex/latex/threeparttablex/threeparttablex.sty
Package: threeparttablex 2013/07/23 v0.3 by daleif
(/Users/mauriciomardones/Library/TinyTeX/texmf-dist/tex/latex/environ/environ.sty
Package: environ 2014/05/04 v0.3 A new way to define environments
(/Users/mauriciomardones/Library/TinyTeX/texmf-dist/tex/latex/trimspaces/trimspaces.sty
Package: trimspaces 2009/09/17 v1.1 Trim spaces around a token list
))
\TPTL@width=\skip65
) (/Users/mauriciomardones/Library/TinyTeX/texmf-dist/tex/generic/ulem/ulem.sty
\UL@box=\box71
\UL@hyphenbox=\box72
\UL@skip=\skip66
\UL@hook=\toks33
\UL@height=\dimen187
\UL@pe=\count298
\UL@pixel=\dimen188
\ULC@box=\box73
Package: ulem 2019/11/18
\ULdepth=\dimen189
) (/Users/mauriciomardones/Library/TinyTeX/texmf-dist/tex/latex/makecell/makecell.sty
Package: makecell 2009/08/03 V0.1e Managing of Tab Column Heads and Cells
\rotheadsize=\dimen190
\c@nlinenum=\count299
\TeXr@lab=\toks34
) (/Users/mauriciomardones/Library/TinyTeX/texmf-dist/tex/latex/bookmark/bookmark.sty
Package: bookmark 2020-11-06 v1.29 PDF bookmarks (HO)
(/Users/mauriciomardones/Library/TinyTeX/texmf-dist/tex/latex/hyperref/hyperref.sty
Package: hyperref 2022-11-13 v7.00u Hypertext links for LaTeX
(/Users/mauriciomardones/Library/TinyTeX/texmf-dist/tex/generic/pdftexcmds/pdftexcmds.sty
Package: pdftexcmds 2020-06-27 v0.33 Utility functions of pdfTeX for LuaTeX (HO)
(/Users/mauriciomardones/Library/TinyTeX/texmf-dist/tex/generic/infwarerr/infwarerr.sty
Package: infwarerr 2019/12/03 v1.5 Providing info/warning/error messages (HO)
)
Package pdftexcmds Info: \pdf@primitive is available.
Package pdftexcmds Info: \pdf@ifprimitive is available.
Package pdftexcmds Info: \pdfdraftmode found.
) (/Users/mauriciomardones/Library/TinyTeX/texmf-dist/tex/generic/kvdefinekeys/kvdefinekeys.sty
Package: kvdefinekeys 2019-12-19 v1.6 Define keys (HO)
) (/Users/mauriciomardones/Library/TinyTeX/texmf-dist/tex/generic/pdfescape/pdfescape.sty
Package: pdfescape 2019/12/09 v1.15 Implements pdfTeX's escape features (HO)
) (/Users/mauriciomardones/Library/TinyTeX/texmf-dist/tex/latex/hycolor/hycolor.sty
Package: hycolor 2020-01-27 v1.10 Color options for hyperref/bookmark (HO)
) (/Users/mauriciomardones/Library/TinyTeX/texmf-dist/tex/latex/letltxmacro/letltxmacro.sty
Package: letltxmacro 2019/12/03 v1.6 Let assignment for LaTeX macros (HO)
) (/Users/mauriciomardones/Library/TinyTeX/texmf-dist/tex/latex/auxhook/auxhook.sty
Package: auxhook 2019-12-17 v1.6 Hooks for auxiliary files (HO)
) (/Users/mauriciomardones/Library/TinyTeX/texmf-dist/tex/latex/hyperref/nameref.sty
Package: nameref 2022-05-17 v2.50 Cross-referencing by name of section
(/Users/mauriciomardones/Library/TinyTeX/texmf-dist/tex/latex/refcount/refcount.sty
Package: refcount 2019/12/15 v3.6 Data extraction from label references (HO)
) (/Users/mauriciomardones/Library/TinyTeX/texmf-dist/tex/generic/gettitlestring/gettitlestring.sty
Package: gettitlestring 2019/12/15 v1.6 Cleanup title references (HO)
)
\c@section@level=\count300
)
\@linkdim=\dimen191
\Hy@linkcounter=\count301
\Hy@pagecounter=\count302
(/Users/mauriciomardones/Library/TinyTeX/texmf-dist/tex/latex/hyperref/pd1enc.def
File: pd1enc.def 2022-11-13 v7.00u Hyperref: PDFDocEncoding definition (HO)
Now handling font encoding PD1 ...
... no UTF-8 mapping file for font encoding PD1
) (/Users/mauriciomardones/Library/TinyTeX/texmf-dist/tex/generic/intcalc/intcalc.sty
Package: intcalc 2019/12/15 v1.3 Expandable calculations with integers (HO)
) (/Users/mauriciomardones/Library/TinyTeX/texmf-dist/tex/generic/etexcmds/etexcmds.sty
Package: etexcmds 2019/12/15 v1.7 Avoid name clashes with e-TeX commands (HO)
)
\Hy@SavedSpaceFactor=\count303
(/Users/mauriciomardones/Library/TinyTeX/texmf-dist/tex/latex/hyperref/puenc.def
File: puenc.def 2022-11-13 v7.00u Hyperref: PDF Unicode definition (HO)
Now handling font encoding PU ...
... no UTF-8 mapping file for font encoding PU
)
Package hyperref Info: Option `unicode' set `true' on input line 4045.
Package hyperref Info: Hyper figures OFF on input line 4162.
Package hyperref Info: Link nesting OFF on input line 4167.
Package hyperref Info: Hyper index ON on input line 4170.
Package hyperref Info: Plain pages OFF on input line 4177.
Package hyperref Info: Backreferencing OFF on input line 4182.
Package hyperref Info: Implicit mode ON; LaTeX internals redefined.
Package hyperref Info: Bookmarks ON on input line 4410.
\c@Hy@tempcnt=\count304
(/Users/mauriciomardones/Library/TinyTeX/texmf-dist/tex/latex/url/url.sty
\Urlmuskip=\muskip17
Package: url 2013/09/16  ver 3.4  Verb mode for urls, etc.
)
LaTeX Info: Redefining \url on input line 4748.
\XeTeXLinkMargin=\dimen192
(/Users/mauriciomardones/Library/TinyTeX/texmf-dist/tex/generic/bitset/bitset.sty
Package: bitset 2019/12/09 v1.3 Handle bit-vector datatype (HO)
(/Users/mauriciomardones/Library/TinyTeX/texmf-dist/tex/generic/bigintcalc/bigintcalc.sty
Package: bigintcalc 2019/12/15 v1.5 Expandable calculations on big integers (HO)
))
\Fld@menulength=\count305
\Field@Width=\dimen193
\Fld@charsize=\dimen194
Package hyperref Info: Hyper figures OFF on input line 6027.
Package hyperref Info: Link nesting OFF on input line 6032.
Package hyperref Info: Hyper index ON on input line 6035.
Package hyperref Info: backreferencing OFF on input line 6042.
Package hyperref Info: Link coloring OFF on input line 6047.
Package hyperref Info: Link coloring with OCG OFF on input line 6052.
Package hyperref Info: PDF/A mode OFF on input line 6057.
(/Users/mauriciomardones/Library/TinyTeX/texmf-dist/tex/latex/base/atbegshi-ltx.sty
Package: atbegshi-ltx 2021/01/10 v1.0c Emulation of the original atbegshi
package with kernel methods
)
\Hy@abspage=\count306
\c@Item=\count307
\c@Hfootnote=\count308
)
Package hyperref Info: Driver (autodetected): hpdftex.
(/Users/mauriciomardones/Library/TinyTeX/texmf-dist/tex/latex/hyperref/hpdftex.def
File: hpdftex.def 2022-11-13 v7.00u Hyperref driver for pdfTeX
(/Users/mauriciomardones/Library/TinyTeX/texmf-dist/tex/latex/base/atveryend-ltx.sty
Package: atveryend-ltx 2020/08/19 v1.0a Emulation of the original atveryend package
with kernel methods
)
\Fld@listcount=\count309
\c@bookmark@seq@number=\count310
(/Users/mauriciomardones/Library/TinyTeX/texmf-dist/tex/latex/rerunfilecheck/rerunfilecheck.sty
Package: rerunfilecheck 2022-07-10 v1.10 Rerun checks for auxiliary files (HO)
(/Users/mauriciomardones/Library/TinyTeX/texmf-dist/tex/generic/uniquecounter/uniquecounter.sty
Package: uniquecounter 2019/12/15 v1.4 Provide unlimited unique counter (HO)
)
Package uniquecounter Info: New unique counter `rerunfilecheck' on input line 285.
)
\Hy@SectionHShift=\skip67
) (/Users/mauriciomardones/Library/TinyTeX/texmf-dist/tex/latex/bookmark/bkm-pdftex.def
File: bkm-pdftex.def 2020-11-06 v1.29 bookmark driver for pdfTeX (HO)
\BKM@id=\count311
))
Package hyperref Info: Option `colorlinks' set `true' on input line 125.
LaTeX Font Info:    Trying to load font information for T1+lmr on input line 139.
(/Users/mauriciomardones/Library/TinyTeX/texmf-dist/tex/latex/lm/t1lmr.fd
File: t1lmr.fd 2015/05/01 v1.6.1 Font defs for Latin Modern
) (/Users/mauriciomardones/Library/TinyTeX/texmf-dist/tex/latex/l3backend/l3backend-pdftex.def
File: l3backend-pdftex.def 2023-01-16 L3 backend support: PDF output (pdfTeX)
\l__color_backend_stack_int=\count312
\l__pdf_internal_box=\box74
) (./_main.aux)
\openout1 = `_main.aux'.

LaTeX Font Info:    Checking defaults for OML/cmm/m/it on input line 139.
LaTeX Font Info:    ... okay on input line 139.
LaTeX Font Info:    Checking defaults for OMS/cmsy/m/n on input line 139.
LaTeX Font Info:    ... okay on input line 139.
LaTeX Font Info:    Checking defaults for OT1/cmr/m/n on input line 139.
LaTeX Font Info:    ... okay on input line 139.
LaTeX Font Info:    Checking defaults for T1/cmr/m/n on input line 139.
LaTeX Font Info:    ... okay on input line 139.
LaTeX Font Info:    Checking defaults for TS1/cmr/m/n on input line 139.
LaTeX Font Info:    ... okay on input line 139.
LaTeX Font Info:    Checking defaults for OMX/cmex/m/n on input line 139.
LaTeX Font Info:    ... okay on input line 139.
LaTeX Font Info:    Checking defaults for U/cmr/m/n on input line 139.
LaTeX Font Info:    ... okay on input line 139.
LaTeX Font Info:    Checking defaults for PD1/pdf/m/n on input line 139.
LaTeX Font Info:    ... okay on input line 139.
LaTeX Font Info:    Checking defaults for PU/pdf/m/n on input line 139.
LaTeX Font Info:    ... okay on input line 139.
LaTeX Info: Redefining \microtypecontext on input line 139.
Package microtype Info: Applying patch `item' on input line 139.
Package microtype Info: Applying patch `toc' on input line 139.
Package microtype Info: Applying patch `eqnum' on input line 139.
Package microtype Info: Applying patch `footnote' on input line 139.
Package microtype Info: Generating PDF output.
Package microtype Info: Character protrusion enabled (level 2).
Package microtype Info: Using protrusion set `basicmath'.
Package microtype Info: Automatic font expansion enabled (level 2),
(microtype)             stretch: 20, shrink: 20, step: 1, non-selected.
Package microtype Info: Using default expansion set `alltext-nott'.
LaTeX Info: Redefining \showhyphens on input line 139.
Package microtype Info: No adjustment of tracking.
Package microtype Info: No adjustment of interword spacing.
Package microtype Info: No adjustment of character kerning.
(/Users/mauriciomardones/Library/TinyTeX/texmf-dist/tex/latex/microtype/mt-cmr.cfg
File: mt-cmr.cfg 2013/05/19 v2.2 microtype config. file: Computer Modern Roman (RS)
) (/Users/mauriciomardones/Library/TinyTeX/texmf-dist/tex/latex/epstopdf-pkg/epstopdf-base.sty
Package: epstopdf-base 2020-01-24 v2.11 Base part for package epstopdf
Package epstopdf-base Info: Redefining graphics rule for `.eps' on input line 485.
(/Users/mauriciomardones/Library/TinyTeX/texmf-dist/tex/latex/latexconfig/epstopdf-sys.cfg
File: epstopdf-sys.cfg 2010/07/13 v1.3 Configuration of (r)epstopdf for TeX Live
))
Package hyperref Info: Link coloring ON on input line 139.
LaTeX Font Info:    Trying to load font information for OT1+lmr on input line 142.
(/Users/mauriciomardones/Library/TinyTeX/texmf-dist/tex/latex/lm/ot1lmr.fd
File: ot1lmr.fd 2015/05/01 v1.6.1 Font defs for Latin Modern
)
LaTeX Font Info:    Trying to load font information for OML+lmm on input line 142.
(/Users/mauriciomardones/Library/TinyTeX/texmf-dist/tex/latex/lm/omllmm.fd
File: omllmm.fd 2015/05/01 v1.6.1 Font defs for Latin Modern
)
LaTeX Font Info:    Trying to load font information for OMS+lmsy on input line 142.
(/Users/mauriciomardones/Library/TinyTeX/texmf-dist/tex/latex/lm/omslmsy.fd
File: omslmsy.fd 2015/05/01 v1.6.1 Font defs for Latin Modern
)
LaTeX Font Info:    Trying to load font information for OMX+lmex on input line 142.
(/Users/mauriciomardones/Library/TinyTeX/texmf-dist/tex/latex/lm/omxlmex.fd
File: omxlmex.fd 2015/05/01 v1.6.1 Font defs for Latin Modern
)
LaTeX Font Info:    External font `lmex10' loaded for size
(Font)              <12> on input line 142.
LaTeX Font Info:    External font `lmex10' loaded for size
(Font)              <8> on input line 142.
LaTeX Font Info:    External font `lmex10' loaded for size
(Font)              <6> on input line 142.
LaTeX Font Info:    Trying to load font information for U+msa on input line 142.
(/Users/mauriciomardones/Library/TinyTeX/texmf-dist/tex/latex/amsfonts/umsa.fd
File: umsa.fd 2013/01/14 v3.01 AMS symbols A
) (/Users/mauriciomardones/Library/TinyTeX/texmf-dist/tex/latex/microtype/mt-msa.cfg
File: mt-msa.cfg 2006/02/04 v1.1 microtype config. file: AMS symbols (a) (RS)
)
LaTeX Font Info:    Trying to load font information for U+msb on input line 142.
(/Users/mauriciomardones/Library/TinyTeX/texmf-dist/tex/latex/amsfonts/umsb.fd
File: umsb.fd 2013/01/14 v3.01 AMS symbols B
) (/Users/mauriciomardones/Library/TinyTeX/texmf-dist/tex/latex/microtype/mt-msb.cfg
File: mt-msb.cfg 2005/06/01 v1.0 microtype config. file: AMS symbols (b) (RS)
) [1



{/Users/mauriciomardones/Library/TinyTeX/texmf-var/fonts/map/pdftex/updmap/pdftex.map}] [2

]
LaTeX Font Info:    Trying to load font information for TS1+lmr on input line 156.
(/Users/mauriciomardones/Library/TinyTeX/texmf-dist/tex/latex/lm/ts1lmr.fd
File: ts1lmr.fd 2015/05/01 v1.6.1 Font defs for Latin Modern
)
Underfull \hbox (badness 10000) in paragraph at lines 185--186

 []


Underfull \hbox (badness 10000) in paragraph at lines 193--195

 []

[1

] [2

]
<images/rpages.png, id=37, 1206.5075pt x 1131.22626pt>
File: images/rpages.png Graphic file (type png)
<use images/rpages.png>
Package pdftex.def Info: images/rpages.png  used on input line 235.
(pdftex.def)             Requested size: 586.60982pt x 550.0077pt.

Overfull \hbox (241.60982pt too wide) in paragraph at lines 235--235
 [] 
 []


Underfull \vbox (badness 10000) has occurred while \output is active []

[3] [4 <./images/rpages.png>]
File: images/rpages.png Graphic file (type png)
<use images/rpages.png>
Package pdftex.def Info: images/rpages.png  used on input line 239.
(pdftex.def)             Requested size: 586.60982pt x 550.0077pt.

Overfull \hbox (241.60982pt too wide) in paragraph at lines 239--239
 [] 
 []


Underfull \vbox (badness 10000) has occurred while \output is active []

[5] [6]
Underfull \hbox (badness 10000) in paragraph at lines 249--251

 []


Underfull \hbox (badness 10000) in paragraph at lines 251--253

 []


Underfull \hbox (badness 10000) in paragraph at lines 253--255

 []

<images/calc.jpg, id=64, 983.675pt x 983.675pt>
File: images/calc.jpg Graphic file (type jpg)
<use images/calc.jpg>
Package pdftex.def Info: images/calc.jpg  used on input line 260.
(pdftex.def)             Requested size: 550.01372pt x 550.01372pt.

Overfull \hbox (205.01372pt too wide) in paragraph at lines 260--260
 [] 
 []


Underfull \vbox (badness 10000) has occurred while \output is active []

[7] [8 <./images/calc.jpg>]
<images/papeR.png, id=76, 647.41875pt x 856.19875pt>
File: images/papeR.png Graphic file (type png)
<use images/papeR.png>
Package pdftex.def Info: images/papeR.png  used on input line 273.
(pdftex.def)             Requested size: 415.88768pt x 550.00339pt.

Overfull \hbox (70.88768pt too wide) in paragraph at lines 273--274
 [][] 
 []


LaTeX Warning: Float too large for page by 23.94781pt on input line 278.

LaTeX Font Info:    Trying to load font information for T1+lmtt on input line 295.
(/Users/mauriciomardones/Library/TinyTeX/texmf-dist/tex/latex/lm/t1lmtt.fd
File: t1lmtt.fd 2015/05/01 v1.6.1 Font defs for Latin Modern
)
LaTeX Font Info:    Font shape `T1/lmtt/bx/n' in size <10> not available
(Font)              Font shape `T1/lmtt/b/n' tried instead on input line 296.
[9] [10 <./images/papeR.png>]
LaTeX Font Info:    External font `lmex10' loaded for size
(Font)              <10> on input line 401.
LaTeX Font Info:    External font `lmex10' loaded for size
(Font)              <7> on input line 401.
LaTeX Font Info:    External font `lmex10' loaded for size
(Font)              <5> on input line 401.
<_main_files/figure-latex/unnamed-chunk-12-1.pdf, id=103, 469.755pt x 325.215pt>
File: _main_files/figure-latex/unnamed-chunk-12-1.pdf Graphic file (type pdf)
<use _main_files/figure-latex/unnamed-chunk-12-1.pdf>
Package pdftex.def Info: _main_files/figure-latex/unnamed-chunk-12-1.pdf  used on input line 429.
(pdftex.def)             Requested size: 344.997pt x 238.84406pt.
[11 <./_main_files/figure-latex/unnamed-chunk-12-1.pdf>]
<_main_files/figure-latex/unnamed-chunk-13-1.pdf, id=116, 469.755pt x 325.215pt>
File: _main_files/figure-latex/unnamed-chunk-13-1.pdf Graphic file (type pdf)
<use _main_files/figure-latex/unnamed-chunk-13-1.pdf>
Package pdftex.def Info: _main_files/figure-latex/unnamed-chunk-13-1.pdf  used on input line 442.
(pdftex.def)             Requested size: 344.997pt x 238.84406pt.
<_main_files/figure-latex/unnamed-chunk-14-1.pdf, id=117, 469.755pt x 325.215pt>
File: _main_files/figure-latex/unnamed-chunk-14-1.pdf Graphic file (type pdf)
<use _main_files/figure-latex/unnamed-chunk-14-1.pdf>
Package pdftex.def Info: _main_files/figure-latex/unnamed-chunk-14-1.pdf  used on input line 456.
(pdftex.def)             Requested size: 344.997pt x 238.84406pt.

Underfull \vbox (badness 10000) has occurred while \output is active []

[12 <./_main_files/figure-latex/unnamed-chunk-13-1.pdf>] [13 <./_main_files/figure-latex/unnamed-chunk-14-1.pdf>] [14]
Overfull \hbox (80.24876pt too wide) in paragraph at lines 604--604
[]\T1/lmtt/m/n/10 ##   species island    bill_length_mm bill_depth_mm flipper_length_mm body_mass_g[] 
 []


Overfull \hbox (80.24876pt too wide) in paragraph at lines 604--604
[]\T1/lmtt/m/n/10 ##   <fct>   <fct>              <dbl>         <dbl>             <int>       <int>[] 
 []


Overfull \hbox (80.24876pt too wide) in paragraph at lines 604--604
[]\T1/lmtt/m/n/10 ## 1 Adelie  Torgersen           39.1          18.7               181        3750[] 
 []


Overfull \hbox (80.24876pt too wide) in paragraph at lines 604--604
[]\T1/lmtt/m/n/10 ## 2 Adelie  Torgersen           39.5          17.4               186        3800[] 
 []


Overfull \hbox (80.24876pt too wide) in paragraph at lines 604--604
[]\T1/lmtt/m/n/10 ## 3 Adelie  Torgersen           40.3          18                 195        3250[] 
 []


Overfull \hbox (80.24876pt too wide) in paragraph at lines 604--604
[]\T1/lmtt/m/n/10 ## 4 Adelie  Torgersen           36.7          19.3               193        3450[] 
 []

[15

]
Overfull \hbox (80.24876pt too wide) in paragraph at lines 604--604
[]\T1/lmtt/m/n/10 ## 5 Adelie  Torgersen           39.3          20.6               190        3650[] 
 []


Overfull \hbox (80.24876pt too wide) in paragraph at lines 604--604
[]\T1/lmtt/m/n/10 ## 6 Adelie  Torgersen           38.9          17.8               181        3625[] 
 []


Overfull \hbox (137.9986pt too wide) in paragraph at lines 622--622
[]\T1/lmtt/m/n/10 ##  $ species          : Factor w/ 3 levels "Adelie","Chinstrap",..: 1 1 1 1 1 1 1 1 1 1 ...[] 
 []


Overfull \hbox (116.99866pt too wide) in paragraph at lines 622--622
[]\T1/lmtt/m/n/10 ##  $ island           : Factor w/ 3 levels "Biscoe","Dream",..: 3 3 3 3 3 3 3 3 3 3 ...[] 
 []


Overfull \hbox (127.49863pt too wide) in paragraph at lines 622--622
[]\T1/lmtt/m/n/10 ##  $ bill_length_mm   : num [1:333] 39.1 39.5 40.3 36.7 39.3 38.9 39.2 41.1 38.6 34.6 ...[] 
 []


Overfull \hbox (116.99866pt too wide) in paragraph at lines 622--622
[]\T1/lmtt/m/n/10 ##  $ bill_depth_mm    : num [1:333] 18.7 17.4 18 19.3 20.6 17.8 19.6 17.6 21.2 21.1 ...[] 
 []


Overfull \hbox (74.99878pt too wide) in paragraph at lines 622--622
[]\T1/lmtt/m/n/10 ##  $ flipper_length_mm: int [1:333] 181 186 195 193 190 181 195 182 191 198 ...[] 
 []


Overfull \hbox (127.49863pt too wide) in paragraph at lines 622--622
[]\T1/lmtt/m/n/10 ##  $ body_mass_g      : int [1:333] 3750 3800 3250 3450 3650 3625 4675 3200 3800 4400 ...[] 
 []


Overfull \hbox (95.99872pt too wide) in paragraph at lines 622--622
[]\T1/lmtt/m/n/10 ##  $ sex              : Factor w/ 2 levels "female","male": 2 1 1 1 2 1 2 1 2 2 ...[] 
 []


Overfull \hbox (127.49863pt too wide) in paragraph at lines 622--622
[]\T1/lmtt/m/n/10 ##  $ year             : int [1:333] 2007 2007 2007 2007 2007 2007 2007 2007 2007 2007 ...[] 
 []


Overfull \hbox (1.499pt too wide) in paragraph at lines 645--645
[]\T1/lmtt/m/n/10 ##  bill_length_mm  bill_depth_mm   flipper_length_mm  body_mass_g[] 
 []


Overfull \hbox (1.499pt too wide) in paragraph at lines 645--645
[]\T1/lmtt/m/n/10 ##  Min.   :32.10   Min.   :13.10   Min.   :172       Min.   :2700[] 
 []


Overfull \hbox (1.499pt too wide) in paragraph at lines 645--645
[]\T1/lmtt/m/n/10 ##  1st Qu.:39.50   1st Qu.:15.60   1st Qu.:190       1st Qu.:3550[] 
 []


Overfull \hbox (1.499pt too wide) in paragraph at lines 645--645
[]\T1/lmtt/m/n/10 ##  Median :44.50   Median :17.30   Median :197       Median :4050[] 
 []


Overfull \hbox (1.499pt too wide) in paragraph at lines 645--645
[]\T1/lmtt/m/n/10 ##  Mean   :43.99   Mean   :17.16   Mean   :201       Mean   :4207[] 
 []


Overfull \hbox (1.499pt too wide) in paragraph at lines 645--645
[]\T1/lmtt/m/n/10 ##  3rd Qu.:48.60   3rd Qu.:18.70   3rd Qu.:213       3rd Qu.:4775[] 
 []


Overfull \hbox (1.499pt too wide) in paragraph at lines 645--645
[]\T1/lmtt/m/n/10 ##  Max.   :59.60   Max.   :21.50   Max.   :231       Max.   :6300[] 
 []


Underfull \vbox (badness 1655) has occurred while \output is active []

[16] [17] [18]
Overfull \hbox (216.74837pt too wide) in paragraph at lines 847--847
[]\T1/lmtt/m/n/10 ## alternative hypothesis: true difference in means between group Adelie and group Gentoo is not equal to 0[] 
 []


Overfull \hbox (27.74892pt too wide) in paragraph at lines 901--901
[]\T1/lmtt/m/n/10 ## lm(formula = body_mass_g ~ flipper_length_mm, data = penguins_clean)[] 
 []

[19]
Underfull \hbox (badness 10000) in paragraph at lines 918--920

 []


Underfull \hbox (badness 10000) in paragraph at lines 920--922

 []


Underfull \hbox (badness 10000) in paragraph at lines 922--924

 []

[20]
<_main_files/figure-latex/unnamed-chunk-34-1.pdf, id=215, 469.755pt x 325.215pt>
File: _main_files/figure-latex/unnamed-chunk-34-1.pdf Graphic file (type pdf)
<use _main_files/figure-latex/unnamed-chunk-34-1.pdf>
Package pdftex.def Info: _main_files/figure-latex/unnamed-chunk-34-1.pdf  used on input line 985.
(pdftex.def)             Requested size: 344.997pt x 238.84406pt.

Underfull \vbox (badness 10000) has occurred while \output is active []

[21

]
<_main_files/figure-latex/unnamed-chunk-35-1.pdf, id=227, 469.755pt x 325.215pt>
File: _main_files/figure-latex/unnamed-chunk-35-1.pdf Graphic file (type pdf)
<use _main_files/figure-latex/unnamed-chunk-35-1.pdf>
Package pdftex.def Info: _main_files/figure-latex/unnamed-chunk-35-1.pdf  used on input line 998.
(pdftex.def)             Requested size: 344.997pt x 238.84406pt.

Underfull \vbox (badness 10000) has occurred while \output is active []

[22 <./_main_files/figure-latex/unnamed-chunk-34-1.pdf>]
<_main_files/figure-latex/unnamed-chunk-36-1.pdf, id=238, 469.755pt x 325.215pt>
File: _main_files/figure-latex/unnamed-chunk-36-1.pdf Graphic file (type pdf)
<use _main_files/figure-latex/unnamed-chunk-36-1.pdf>
Package pdftex.def Info: _main_files/figure-latex/unnamed-chunk-36-1.pdf  used on input line 1012.
(pdftex.def)             Requested size: 344.997pt x 238.84406pt.

Underfull \vbox (badness 10000) has occurred while \output is active []

[23 <./_main_files/figure-latex/unnamed-chunk-35-1.pdf>]
<_main_files/figure-latex/unnamed-chunk-37-1.pdf, id=250, 469.755pt x 325.215pt>
File: _main_files/figure-latex/unnamed-chunk-37-1.pdf Graphic file (type pdf)
<use _main_files/figure-latex/unnamed-chunk-37-1.pdf>
Package pdftex.def Info: _main_files/figure-latex/unnamed-chunk-37-1.pdf  used on input line 1026.
(pdftex.def)             Requested size: 344.997pt x 238.84406pt.

Underfull \vbox (badness 10000) has occurred while \output is active []

[24 <./_main_files/figure-latex/unnamed-chunk-36-1.pdf>]
<_main_files/figure-latex/unnamed-chunk-38-1.pdf, id=261, 469.755pt x 325.215pt>
File: _main_files/figure-latex/unnamed-chunk-38-1.pdf Graphic file (type pdf)
<use _main_files/figure-latex/unnamed-chunk-38-1.pdf>
Package pdftex.def Info: _main_files/figure-latex/unnamed-chunk-38-1.pdf  used on input line 1039.
(pdftex.def)             Requested size: 344.997pt x 238.84406pt.

Underfull \vbox (badness 10000) has occurred while \output is active []

[25 <./_main_files/figure-latex/unnamed-chunk-37-1.pdf>]
LaTeX Font Info:    Trying to load font information for TS1+lmtt on input line 1043.
(/Users/mauriciomardones/Library/TinyTeX/texmf-dist/tex/latex/lm/ts1lmtt.fd
File: ts1lmtt.fd 2015/05/01 v1.6.1 Font defs for Latin Modern
)
<_main_files/figure-latex/unnamed-chunk-39-1.pdf, id=273, 469.755pt x 325.215pt>
File: _main_files/figure-latex/unnamed-chunk-39-1.pdf Graphic file (type pdf)
<use _main_files/figure-latex/unnamed-chunk-39-1.pdf>
Package pdftex.def Info: _main_files/figure-latex/unnamed-chunk-39-1.pdf  used on input line 1058.
(pdftex.def)             Requested size: 344.997pt x 238.84406pt.

Underfull \vbox (badness 10000) has occurred while \output is active []

[26 <./_main_files/figure-latex/unnamed-chunk-38-1.pdf>]
<_main_files/figure-latex/unnamed-chunk-40-1.pdf, id=285, 469.755pt x 325.215pt>
File: _main_files/figure-latex/unnamed-chunk-40-1.pdf Graphic file (type pdf)
<use _main_files/figure-latex/unnamed-chunk-40-1.pdf>
Package pdftex.def Info: _main_files/figure-latex/unnamed-chunk-40-1.pdf  used on input line 1069.
(pdftex.def)             Requested size: 344.997pt x 238.84406pt.

Underfull \vbox (badness 4416) has occurred while \output is active []

[27 <./_main_files/figure-latex/unnamed-chunk-39-1.pdf> <./_main_files/figure-latex/unnamed-chunk-40-1.pdf>]
<_main_files/figure-latex/unnamed-chunk-41-1.pdf, id=302, 469.755pt x 325.215pt>
File: _main_files/figure-latex/unnamed-chunk-41-1.pdf Graphic file (type pdf)
<use _main_files/figure-latex/unnamed-chunk-41-1.pdf>
Package pdftex.def Info: _main_files/figure-latex/unnamed-chunk-41-1.pdf  used on input line 1082.
(pdftex.def)             Requested size: 344.997pt x 238.84406pt.
<_main_files/figure-latex/unnamed-chunk-42-1.pdf, id=303, 469.755pt x 325.215pt>
File: _main_files/figure-latex/unnamed-chunk-42-1.pdf Graphic file (type pdf)
<use _main_files/figure-latex/unnamed-chunk-42-1.pdf>
Package pdftex.def Info: _main_files/figure-latex/unnamed-chunk-42-1.pdf  used on input line 1098.
(pdftex.def)             Requested size: 344.997pt x 238.84406pt.

Underfull \vbox (badness 10000) has occurred while \output is active []

[28 <./_main_files/figure-latex/unnamed-chunk-41-1.pdf>]
LaTeX Font Info:    Font shape `T1/lmtt/bx/n' in size <14.4> not available
(Font)              Font shape `T1/lmtt/b/n' tried instead on input line 1102.
<_main_files/figure-latex/unnamed-chunk-44-1.pdf, id=314, 469.755pt x 325.215pt>
File: _main_files/figure-latex/unnamed-chunk-44-1.pdf Graphic file (type pdf)
<use _main_files/figure-latex/unnamed-chunk-44-1.pdf>
Package pdftex.def Info: _main_files/figure-latex/unnamed-chunk-44-1.pdf  used on input line 1126.
(pdftex.def)             Requested size: 344.997pt x 238.84406pt.

Underfull \hbox (badness 10000) in paragraph at lines 1126--1128
[][]
 []


Underfull \vbox (badness 10000) has occurred while \output is active []

[29 <./_main_files/figure-latex/unnamed-chunk-42-1.pdf>]
<_main_files/figure-latex/unnamed-chunk-46-1.pdf, id=329, 469.755pt x 325.215pt>
File: _main_files/figure-latex/unnamed-chunk-46-1.pdf Graphic file (type pdf)
<use _main_files/figure-latex/unnamed-chunk-46-1.pdf>
Package pdftex.def Info: _main_files/figure-latex/unnamed-chunk-46-1.pdf  used on input line 1154.
(pdftex.def)             Requested size: 344.997pt x 238.84406pt.

Underfull \vbox (badness 10000) has occurred while \output is active []

[30 <./_main_files/figure-latex/unnamed-chunk-44-1.pdf>]
<_main_files/figure-latex/unnamed-chunk-47-1.pdf, id=339, 469.755pt x 325.215pt>
File: _main_files/figure-latex/unnamed-chunk-47-1.pdf Graphic file (type pdf)
<use _main_files/figure-latex/unnamed-chunk-47-1.pdf>
Package pdftex.def Info: _main_files/figure-latex/unnamed-chunk-47-1.pdf  used on input line 1166.
(pdftex.def)             Requested size: 344.997pt x 238.84406pt.
[31 <./_main_files/figure-latex/unnamed-chunk-46-1.pdf> <./_main_files/figure-latex/unnamed-chunk-47-1.pdf>]
<_main_files/figure-latex/unnamed-chunk-48-1.pdf, id=354, 469.755pt x 325.215pt>
File: _main_files/figure-latex/unnamed-chunk-48-1.pdf Graphic file (type pdf)
<use _main_files/figure-latex/unnamed-chunk-48-1.pdf>
Package pdftex.def Info: _main_files/figure-latex/unnamed-chunk-48-1.pdf  used on input line 1181.
(pdftex.def)             Requested size: 344.997pt x 238.84406pt.
<_main_files/figure-latex/unnamed-chunk-49-1.pdf, id=355, 469.755pt x 325.215pt>
File: _main_files/figure-latex/unnamed-chunk-49-1.pdf Graphic file (type pdf)
<use _main_files/figure-latex/unnamed-chunk-49-1.pdf>
Package pdftex.def Info: _main_files/figure-latex/unnamed-chunk-49-1.pdf  used on input line 1196.
(pdftex.def)             Requested size: 344.997pt x 238.84406pt.

Underfull \hbox (badness 10000) in paragraph at lines 1196--1198
[][]
 []


Underfull \vbox (badness 10000) has occurred while \output is active []

[32 <./_main_files/figure-latex/unnamed-chunk-48-1.pdf>]
<_main_files/figure-latex/unnamed-chunk-50-1.pdf, id=368, 469.755pt x 325.215pt>
File: _main_files/figure-latex/unnamed-chunk-50-1.pdf Graphic file (type pdf)
<use _main_files/figure-latex/unnamed-chunk-50-1.pdf>
Package pdftex.def Info: _main_files/figure-latex/unnamed-chunk-50-1.pdf  used on input line 1211.
(pdftex.def)             Requested size: 344.997pt x 238.84406pt.

Underfull \vbox (badness 10000) has occurred while \output is active []

[33 <./_main_files/figure-latex/unnamed-chunk-49-1.pdf>] [34 <./_main_files/figure-latex/unnamed-chunk-50-1.pdf>]
<_main_files/figure-latex/unnamed-chunk-53-1.pdf, id=387, 469.755pt x 325.215pt>
File: _main_files/figure-latex/unnamed-chunk-53-1.pdf Graphic file (type pdf)
<use _main_files/figure-latex/unnamed-chunk-53-1.pdf>
Package pdftex.def Info: _main_files/figure-latex/unnamed-chunk-53-1.pdf  used on input line 1261.
(pdftex.def)             Requested size: 344.997pt x 238.84406pt.

Underfull \hbox (badness 10000) in paragraph at lines 1261--1263
[][]
 []

<_main_files/figure-latex/unnamed-chunk-54-1.pdf, id=388, 469.755pt x 325.215pt>
File: _main_files/figure-latex/unnamed-chunk-54-1.pdf Graphic file (type pdf)
<use _main_files/figure-latex/unnamed-chunk-54-1.pdf>
Package pdftex.def Info: _main_files/figure-latex/unnamed-chunk-54-1.pdf  used on input line 1276.
(pdftex.def)             Requested size: 344.997pt x 238.84406pt.

Underfull \vbox (badness 10000) has occurred while \output is active []

[35 <./_main_files/figure-latex/unnamed-chunk-53-1.pdf>]
<_main_files/figure-latex/unnamed-chunk-55-1.pdf, id=400, 469.755pt x 325.215pt>
File: _main_files/figure-latex/unnamed-chunk-55-1.pdf Graphic file (type pdf)
<use _main_files/figure-latex/unnamed-chunk-55-1.pdf>
Package pdftex.def Info: _main_files/figure-latex/unnamed-chunk-55-1.pdf  used on input line 1294.
(pdftex.def)             Requested size: 344.997pt x 238.84406pt.

Underfull \vbox (badness 10000) has occurred while \output is active []

[36 <./_main_files/figure-latex/unnamed-chunk-54-1.pdf>]
<_main_files/figure-latex/unnamed-chunk-57-1.pdf, id=410, 469.755pt x 325.215pt>
File: _main_files/figure-latex/unnamed-chunk-57-1.pdf Graphic file (type pdf)
<use _main_files/figure-latex/unnamed-chunk-57-1.pdf>
Package pdftex.def Info: _main_files/figure-latex/unnamed-chunk-57-1.pdf  used on input line 1329.
(pdftex.def)             Requested size: 344.997pt x 238.84406pt.

Underfull \hbox (badness 10000) in paragraph at lines 1329--1331
[][]
 []


Underfull \vbox (badness 10000) has occurred while \output is active []

[37 <./_main_files/figure-latex/unnamed-chunk-55-1.pdf>]
<_main_files/figure-latex/unnamed-chunk-58-1.pdf, id=424, 469.755pt x 325.215pt>
File: _main_files/figure-latex/unnamed-chunk-58-1.pdf Graphic file (type pdf)
<use _main_files/figure-latex/unnamed-chunk-58-1.pdf>
Package pdftex.def Info: _main_files/figure-latex/unnamed-chunk-58-1.pdf  used on input line 1355.
(pdftex.def)             Requested size: 344.997pt x 238.84406pt.

Underfull \vbox (badness 10000) has occurred while \output is active []

[38 <./_main_files/figure-latex/unnamed-chunk-57-1.pdf>]
<_main_files/figure-latex/unnamed-chunk-59-1.pdf, id=435, 469.755pt x 325.215pt>
File: _main_files/figure-latex/unnamed-chunk-59-1.pdf Graphic file (type pdf)
<use _main_files/figure-latex/unnamed-chunk-59-1.pdf>
Package pdftex.def Info: _main_files/figure-latex/unnamed-chunk-59-1.pdf  used on input line 1375.
(pdftex.def)             Requested size: 344.997pt x 238.84406pt.

Underfull \vbox (badness 10000) has occurred while \output is active []

[39 <./_main_files/figure-latex/unnamed-chunk-58-1.pdf>] [40 <./_main_files/figure-latex/unnamed-chunk-59-1.pdf>]
<_main_files/figure-latex/unnamed-chunk-65-1.pdf, id=459, 469.755pt x 325.215pt>
File: _main_files/figure-latex/unnamed-chunk-65-1.pdf Graphic file (type pdf)
<use _main_files/figure-latex/unnamed-chunk-65-1.pdf>
Package pdftex.def Info: _main_files/figure-latex/unnamed-chunk-65-1.pdf  used on input line 1458.
(pdftex.def)             Requested size: 344.997pt x 238.84406pt.

Underfull \vbox (badness 10000) has occurred while \output is active []

[41]
<_main_files/figure-latex/unnamed-chunk-67-1.pdf, id=465, 469.755pt x 325.215pt>
File: _main_files/figure-latex/unnamed-chunk-67-1.pdf Graphic file (type pdf)
<use _main_files/figure-latex/unnamed-chunk-67-1.pdf>
Package pdftex.def Info: _main_files/figure-latex/unnamed-chunk-67-1.pdf  used on input line 1487.
(pdftex.def)             Requested size: 344.997pt x 238.84406pt.

Underfull \vbox (badness 10000) has occurred while \output is active []

[42 <./_main_files/figure-latex/unnamed-chunk-65-1.pdf>]
<_main_files/figure-latex/unnamed-chunk-68-1.pdf, id=479, 469.755pt x 325.215pt>
File: _main_files/figure-latex/unnamed-chunk-68-1.pdf Graphic file (type pdf)
<use _main_files/figure-latex/unnamed-chunk-68-1.pdf>
Package pdftex.def Info: _main_files/figure-latex/unnamed-chunk-68-1.pdf  used on input line 1505.
(pdftex.def)             Requested size: 344.997pt x 238.84406pt.

Underfull \vbox (badness 10000) has occurred while \output is active []

[43 <./_main_files/figure-latex/unnamed-chunk-67-1.pdf>]
<_main_files/figure-latex/unnamed-chunk-69-1.pdf, id=491, 469.755pt x 325.215pt>
File: _main_files/figure-latex/unnamed-chunk-69-1.pdf Graphic file (type pdf)
<use _main_files/figure-latex/unnamed-chunk-69-1.pdf>
Package pdftex.def Info: _main_files/figure-latex/unnamed-chunk-69-1.pdf  used on input line 1520.
(pdftex.def)             Requested size: 344.997pt x 238.84406pt.

Underfull \vbox (badness 10000) has occurred while \output is active []

[44 <./_main_files/figure-latex/unnamed-chunk-68-1.pdf>]
<_main_files/figure-latex/unnamed-chunk-70-1.pdf, id=503, 469.755pt x 325.215pt>
File: _main_files/figure-latex/unnamed-chunk-70-1.pdf Graphic file (type pdf)
<use _main_files/figure-latex/unnamed-chunk-70-1.pdf>
Package pdftex.def Info: _main_files/figure-latex/unnamed-chunk-70-1.pdf  used on input line 1541.
(pdftex.def)             Requested size: 344.997pt x 238.84406pt.

Underfull \vbox (badness 10000) has occurred while \output is active []

[45 <./_main_files/figure-latex/unnamed-chunk-69-1.pdf>]
LaTeX Font Info:    Font shape `T1/lmtt/bx/n' in size <12> not available
(Font)              Font shape `T1/lmtt/b/n' tried instead on input line 1574.

Underfull \hbox (badness 10000) in paragraph at lines 1594--1598

 []

[46 <./_main_files/figure-latex/unnamed-chunk-70-1.pdf>]
Underfull \hbox (badness 10000) in paragraph at lines 1627--1630

 []


Underfull \hbox (badness 10000) in paragraph at lines 1662--1664

 []


Underfull \hbox (badness 10000) in paragraph at lines 1665--1667

 []


Underfull \hbox (badness 10000) in paragraph at lines 1668--1670

 []

[47] [48

] [49] [50

] [51] [52

] (./_main.aux) ) 
Here is how much of TeX's memory you used:
 15845 strings out of 478033
 264782 string characters out of 5838239
 1866330 words of memory out of 5000000
 35382 multiletter control sequences out of 15000+600000
 582168 words of font info for 138 fonts, out of 8000000 for 9000
 14 hyphenation exceptions out of 8191
 77i,7n,81p,1002b,617s stack positions out of 10000i,1000n,20000p,200000b,200000s
{/Users/mauriciomardones/Library/TinyTeX/texmf-dist/fonts/enc/dvips/lm/lm-mathsy.enc}{/Users/mauriciomardones/Library/TinyTeX/texmf-dist/fonts/enc/dvips/lm/lm-mathit.enc}{/Users/mauriciomardones/Library/TinyTeX/texmf-dist/fonts/enc/dvips/lm/lm-mathex.enc}{/Users/mauriciomardones/Library/TinyTeX/texmf-dist/fonts/enc/dvips/lm/lm-rm.enc}{/Users/mauriciomardones/Library/TinyTeX/texmf-dist/fonts/enc/dvips/lm/lm-ec.enc}{/Users/mauriciomardones/Library/TinyTeX/texmf-dist/fonts/enc/dvips/lm/lm-ts1.enc}</Users/mauriciomardones/Library/TinyTeX/texmf-dist/fonts/type1/public/lm/lmbx10.pfb></Users/mauriciomardones/Library/TinyTeX/texmf-dist/fonts/type1/public/lm/lmbx12.pfb></Users/mauriciomardones/Library/TinyTeX/texmf-dist/fonts/type1/public/lm/lmbxo10.pfb></Users/mauriciomardones/Library/TinyTeX/texmf-dist/fonts/type1/public/lm/lmex10.pfb></Users/mauriciomardones/Library/TinyTeX/texmf-dist/fonts/type1/public/lm/lmmi10.pfb></Users/mauriciomardones/Library/TinyTeX/texmf-dist/fonts/type1/public/lm/lmmi7.pfb></Users/mauriciomardones/Library/TinyTeX/texmf-dist/fonts/type1/public/lm/lmr10.pfb></Users/mauriciomardones/Library/TinyTeX/texmf-dist/fonts/type1/public/lm/lmr12.pfb></Users/mauriciomardones/Library/TinyTeX/texmf-dist/fonts/type1/public/lm/lmr17.pfb></Users/mauriciomardones/Library/TinyTeX/texmf-dist/fonts/type1/public/lm/lmri10.pfb></Users/mauriciomardones/Library/TinyTeX/texmf-dist/fonts/type1/public/lm/lmro10.pfb></Users/mauriciomardones/Library/TinyTeX/texmf-dist/fonts/type1/public/lm/lmsy10.pfb></Users/mauriciomardones/Library/TinyTeX/texmf-dist/fonts/type1/public/lm/lmsy7.pfb></Users/mauriciomardones/Library/TinyTeX/texmf-dist/fonts/type1/public/lm/lmtk10.pfb></Users/mauriciomardones/Library/TinyTeX/texmf-dist/fonts/type1/public/lm/lmtt10.pfb></Users/mauriciomardones/Library/TinyTeX/texmf-dist/fonts/type1/public/lm/lmtti10.pfb></Users/mauriciomardones/Library/TinyTeX/texmf-dist/fonts/type1/public/lm/lmtto10.pfb>
Output written on _main.pdf (54 pages, 1797154 bytes).
PDF statistics:
 858 PDF objects out of 1000 (max. 8388607)
 689 compressed objects within 7 object streams
 165 named destinations out of 1000 (max. 500000)
 39449 words of extra memory for PDF output out of 42996 (max. 10000000)

